Build started 18.06.2025 14:34:42.
Logging verbosity is set to: Normal.     1>Project "D:\gitnext\CppWithImGUI\imgui_application\MyAppImGUI\MyAppImGUI.vcxproj" on node 2 (Build target(s)).
     1>PrepareForBuild:
         Structured output is enabled. The formatting of compiler diagnostics will reflect the error hierarchy. See https://aka.ms/cpp/structured-output for more details.
       InitializeBuildStatus:
         Touching "MyAppImGUI.dir\Release\MyAppImGUI.tlog\unsuccessfulbuild".
       CustomBuild:
         All outputs are up-to-date.
     1>Project "D:\gitnext\CppWithImGUI\imgui_application\MyAppImGUI\MyAppImGUI.vcxproj" (1) is building "D:\gitnext\CppWithImGUI\imgui_application\MyAppImGUI\ZERO_CHECK.vcxproj" (2:3) on node 2 (GetProjectInfoForReference target(s)).
     2>PrepareForBuild:
         Structured output is enabled. The formatting of compiler diagnostics will reflect the error hierarchy. See https://aka.ms/cpp/structured-output for more details.
     2>Done Building Project "D:\gitnext\CppWithImGUI\imgui_application\MyAppImGUI\ZERO_CHECK.vcxproj" (GetProjectInfoForReference target(s)).
     1>SetModuleDependencies:
         Scanning sources for module dependencies...
         All outputs are up-to-date.
       ClCompile:
         All outputs are up-to-date.
       Link:
         All outputs are up-to-date.
         MyAppImGUI.vcxproj -> D:\gitnext\CppWithImGUI\imgui_application\MyAppImGUI\Release\MyAppImGUI.exe
       FinalizeBuildStatus:
         Deleting file "MyAppImGUI.dir\Release\MyAppImGUI.tlog\unsuccessfulbuild".
         Touching "MyAppImGUI.dir\Release\MyAppImGUI.tlog\MyAppImGUI.lastbuildstate".
     1>Done Building Project "D:\gitnext\CppWithImGUI\imgui_application\MyAppImGUI\MyAppImGUI.vcxproj" (Build target(s)).

Build succeeded.
    0 Warning(s)
    0 Error(s)

Time Elapsed 00:00:00.32
