d:\gitnext\cppwithimgui\imgui_application\myappimgui\myappimgui\x64\debug\vc143.pdb
d:\gitnext\cppwithimgui\imgui_application\myappimgui\myappimgui\x64\debug\notepad.obj
d:\gitnext\cppwithimgui\imgui_application\myappimgui\myappimgui\x64\debug\filedialog.obj
d:\gitnext\cppwithimgui\imgui_application\myappimgui\myappimgui\x64\debug\imgui_stdlib.obj
d:\gitnext\cppwithimgui\imgui_application\myappimgui\myappimgui\x64\debug\imgui_widgets.obj
d:\gitnext\cppwithimgui\imgui_application\myappimgui\myappimgui\x64\debug\imgui_tables.obj
d:\gitnext\cppwithimgui\imgui_application\myappimgui\myappimgui\x64\debug\imgui_draw.obj
d:\gitnext\cppwithimgui\imgui_application\myappimgui\myappimgui\x64\debug\imgui_demo.obj
d:\gitnext\cppwithimgui\imgui_application\myappimgui\myappimgui\x64\debug\imgui.obj
d:\gitnext\cppwithimgui\imgui_application\myappimgui\myappimgui\x64\debug\imgui_impl_win32.obj
d:\gitnext\cppwithimgui\imgui_application\myappimgui\myappimgui\x64\debug\imgui_impl_dx11.obj
d:\gitnext\cppwithimgui\imgui_application\myappimgui\myappimgui\x64\debug\font.obj
d:\gitnext\cppwithimgui\imgui_application\myappimgui\myappimgui\x64\debug\usynergy.obj
d:\gitnext\cppwithimgui\imgui_application\myappimgui\x64\debug\myappimgui.exe
d:\gitnext\cppwithimgui\imgui_application\myappimgui\x64\debug\myappimgui.pdb
d:\gitnext\cppwithimgui\imgui_application\myappimgui\myappimgui.res
d:\gitnext\cppwithimgui\imgui_application\myappimgui\rca10932
d:\gitnext\cppwithimgui\imgui_application\myappimgui\x64\debug\myappimgui.lib
d:\gitnext\cppwithimgui\imgui_application\myappimgui\x64\debug\myappimgui.exp
d:\gitnext\cppwithimgui\imgui_application\myappimgui\myappimgui\x64\debug\myappimgui.iobj
d:\gitnext\cppwithimgui\imgui_application\myappimgui\myappimgui\x64\debug\myappimgui.tlog\cl.command.1.tlog
d:\gitnext\cppwithimgui\imgui_application\myappimgui\myappimgui\x64\debug\myappimgui.tlog\cl.items.tlog
d:\gitnext\cppwithimgui\imgui_application\myappimgui\myappimgui\x64\debug\myappimgui.tlog\cl.read.1.tlog
d:\gitnext\cppwithimgui\imgui_application\myappimgui\myappimgui\x64\debug\myappimgui.tlog\cl.write.1.tlog
d:\gitnext\cppwithimgui\imgui_application\myappimgui\myappimgui\x64\debug\myappimgui.tlog\link.command.1.tlog
d:\gitnext\cppwithimgui\imgui_application\myappimgui\myappimgui\x64\debug\myappimgui.tlog\link.read.1.tlog
d:\gitnext\cppwithimgui\imgui_application\myappimgui\myappimgui\x64\debug\myappimgui.tlog\link.secondary.1.tlog
d:\gitnext\cppwithimgui\imgui_application\myappimgui\myappimgui\x64\debug\myappimgui.tlog\link.write.1.tlog
d:\gitnext\cppwithimgui\imgui_application\myappimgui\myappimgui\x64\debug\myappimgui.tlog\rc.command.1.tlog
d:\gitnext\cppwithimgui\imgui_application\myappimgui\myappimgui\x64\debug\myappimgui.tlog\rc.read.1.tlog
d:\gitnext\cppwithimgui\imgui_application\myappimgui\myappimgui\x64\debug\myappimgui.tlog\rc.write.1.tlog
