d:\gitnext\cppwithimgui\imgui_application\myappimgui\cmakefiles\generate.stamp
d:\gitnext\cppwithimgui\imgui_application\myappimgui\debug\myappimgui.exe
d:\gitnext\cppwithimgui\imgui_application\myappimgui\debug\myappimgui.pdb
d:\gitnext\cppwithimgui\imgui_application\myappimgui\myappimgui.dir\debug\vc143.pdb
d:\gitnext\cppwithimgui\imgui_application\myappimgui\myappimgui.dir\debug\editor.obj
d:\gitnext\cppwithimgui\imgui_application\myappimgui\myappimgui.dir\debug\.d.json
d:\gitnext\cppwithimgui\imgui_application\myappimgui\myappimgui.dir\debug\imgui_impl_win32.obj
d:\gitnext\cppwithimgui\imgui_application\myappimgui\myappimgui.dir\debug\imgui.obj
d:\gitnext\cppwithimgui\imgui_application\myappimgui\myappimgui.dir\debug\d3d_context.obj
d:\gitnext\cppwithimgui\imgui_application\myappimgui\myappimgui.dir\debug\imgui_widgets.obj
d:\gitnext\cppwithimgui\imgui_application\myappimgui\myappimgui.dir\debug\imgui_tables.obj
d:\gitnext\cppwithimgui\imgui_application\myappimgui\myappimgui.dir\debug\render.obj
d:\gitnext\cppwithimgui\imgui_application\myappimgui\myappimgui.dir\debug\imgui_stdlib.obj
d:\gitnext\cppwithimgui\imgui_application\myappimgui\myappimgui.dir\debug\filedialog.obj
d:\gitnext\cppwithimgui\imgui_application\myappimgui\myappimgui.dir\debug\imgui_demo.obj
d:\gitnext\cppwithimgui\imgui_application\myappimgui\myappimgui.dir\debug\imgui_draw.obj
d:\gitnext\cppwithimgui\imgui_application\myappimgui\myappimgui.dir\debug\memory.obj
d:\gitnext\cppwithimgui\imgui_application\myappimgui\myappimgui.dir\debug\imgui_impl_dx11.obj
d:\gitnext\cppwithimgui\imgui_application\myappimgui\myappimgui.dir\debug\font.obj
d:\gitnext\cppwithimgui\imgui_application\myappimgui\myappimgui.dir\debug\main.obj
d:\gitnext\cppwithimgui\imgui_application\myappimgui\myappimgui.dir\debug\window.obj
d:\gitnext\cppwithimgui\imgui_application\myappimgui\myappimgui.dir\debug\application.obj
d:\gitnext\cppwithimgui\imgui_application\myappimgui\myappimgui.dir\debug\imgui.cpp.module.json
d:\gitnext\cppwithimgui\imgui_application\myappimgui\myappimgui.dir\debug\imgui_impl_dx11.cpp.module.json
d:\gitnext\cppwithimgui\imgui_application\myappimgui\myappimgui.dir\debug\imgui_impl_win32.cpp.module.json
d:\gitnext\cppwithimgui\imgui_application\myappimgui\myappimgui.dir\debug\imgui_stdlib.cpp.module.json
d:\gitnext\cppwithimgui\imgui_application\myappimgui\myappimgui.dir\debug\imgui_tables.cpp.module.json
d:\gitnext\cppwithimgui\imgui_application\myappimgui\myappimgui.dir\debug\filedialog.cpp.module.json
d:\gitnext\cppwithimgui\imgui_application\myappimgui\myappimgui.dir\debug\imgui_demo.cpp.module.json
d:\gitnext\cppwithimgui\imgui_application\myappimgui\myappimgui.dir\debug\memory.cpp.module.json
d:\gitnext\cppwithimgui\imgui_application\myappimgui\myappimgui.dir\debug\render.cpp.module.json
d:\gitnext\cppwithimgui\imgui_application\myappimgui\myappimgui.dir\debug\d3d_context.cpp.module.json
d:\gitnext\cppwithimgui\imgui_application\myappimgui\myappimgui.dir\debug\imgui_draw.cpp.module.json
d:\gitnext\cppwithimgui\imgui_application\myappimgui\myappimgui.dir\debug\imgui_widgets.cpp.module.json
d:\gitnext\cppwithimgui\imgui_application\myappimgui\myappimgui.dir\debug\window.cpp.module.json
d:\gitnext\cppwithimgui\imgui_application\myappimgui\myappimgui.dir\debug\main.cpp.module.json
d:\gitnext\cppwithimgui\imgui_application\myappimgui\myappimgui.dir\debug\application.cpp.module.json
d:\gitnext\cppwithimgui\imgui_application\myappimgui\myappimgui.dir\debug\font.cpp.module.json
d:\gitnext\cppwithimgui\imgui_application\myappimgui\myappimgui.dir\debug\myappimgui.ilk
d:\gitnext\cppwithimgui\imgui_application\myappimgui\myappimgui.dir\debug\myappimgui.tlog\cl.command.1.tlog
d:\gitnext\cppwithimgui\imgui_application\myappimgui\myappimgui.dir\debug\myappimgui.tlog\cl.items.tlog
d:\gitnext\cppwithimgui\imgui_application\myappimgui\myappimgui.dir\debug\myappimgui.tlog\custombuild.command.1.tlog
d:\gitnext\cppwithimgui\imgui_application\myappimgui\myappimgui.dir\debug\myappimgui.tlog\custombuild.read.1.tlog
d:\gitnext\cppwithimgui\imgui_application\myappimgui\myappimgui.dir\debug\myappimgui.tlog\custombuild.write.1.tlog
d:\gitnext\cppwithimgui\imgui_application\myappimgui\myappimgui.dir\debug\myappimgui.tlog\link.command.1.tlog
d:\gitnext\cppwithimgui\imgui_application\myappimgui\myappimgui.dir\debug\myappimgui.tlog\link.read.1.tlog
d:\gitnext\cppwithimgui\imgui_application\myappimgui\myappimgui.dir\debug\myappimgui.tlog\link.secondary.1.tlog
d:\gitnext\cppwithimgui\imgui_application\myappimgui\myappimgui.dir\debug\myappimgui.tlog\link.write.1.tlog
d:\gitnext\cppwithimgui\imgui_application\myappimgui\myappimgui.dir\debug\myappimgui.tlog\microsoft.build.cpptasks.cl.read.1.tlog
d:\gitnext\cppwithimgui\imgui_application\myappimgui\myappimgui.dir\debug\myappimgui.tlog\microsoft.build.cpptasks.cl.write.1.tlog
d:\gitnext\cppwithimgui\imgui_application\myappimgui\myappimgui.dir\debug\myappimgui_md.tlog\cl.3300.read.1.tlog
d:\gitnext\cppwithimgui\imgui_application\myappimgui\myappimgui.dir\debug\myappimgui_md.tlog\cl.command.1.tlog
d:\gitnext\cppwithimgui\imgui_application\myappimgui\myappimgui.dir\debug\myappimgui_md.tlog\microsoft.build.cpptasks.cl.read.1.tlog
d:\gitnext\cppwithimgui\imgui_application\myappimgui\myappimgui.dir\debug\myappimgui_md.tlog\microsoft.build.cpptasks.cl.write.1.tlog
